like iu
like iu
like iu
like iu
like iu
like iu
like iu
like iu
like iu
like iu
like iu
like iu
like iu
like iu
like iu
like iu
like iu
like iu
like iu
like iu
like iu
like iu
like iu
like iu
like iu
like iu
like iu
like iu
like iu
